[32m2025-07-04 05:52:33 +0000[0m - dagster - [34mDEBUG[0m - __ASSET_JOB - 67504f1a-761b-4840-9ef5-78f97552ad61 - 36142 - LOGS_CAPTURED - Started capturing logs in process (pid: 36142).
[32m2025-07-04 05:52:33 +0000[0m - dagster - [34mDEBUG[0m - __ASSET_JOB - 67504f1a-761b-4840-9ef5-78f97552ad61 - 36142 - dbtlearn_dbt_assets - STEP_START - Started execution of step "dbtlearn_dbt_assets".
[32m2025-07-04 05:52:33 +0000[0m - dagster - [34mINFO[0m - __ASSET_JOB - 67504f1a-761b-4840-9ef5-78f97552ad61 - dbtlearn_dbt_assets - A dbt subsetted execution is being performed. Overriding default dbt selection arguments `['--select', 'fqn:*']` with arguments: `['dbtlearn.dim.dim_listings_cleansed']`.
[32m2025-07-04 05:52:35 +0000[0m - dagster - [34mINFO[0m - __ASSET_JOB - 67504f1a-761b-4840-9ef5-78f97552ad61 - dbtlearn_dbt_assets - Copying `/workspaces/dbt/dbtlearn/target/partial_parse.msgpack` to `/workspaces/dbt/dbtlearn/target/dbtlearn_dbt_assets-67504f1-85e22b6/partial_parse.msgpack` to take advantage of partial parsing.
[32m2025-07-04 05:52:36 +0000[0m - dagster - [34mINFO[0m - __ASSET_JOB - 67504f1a-761b-4840-9ef5-78f97552ad61 - dbtlearn_dbt_assets - Running dbt command: `dbt build --select dbtlearn.dim.dim_listings_cleansed`.
[32m2025-07-04 05:52:43 +0000[0m - dagster - [34mDEBUG[0m - __ASSET_JOB - 67504f1a-761b-4840-9ef5-78f97552ad61 - 36142 - dbtlearn_dbt_assets - STEP_OUTPUT - Yielded output "dim_listings_cleansed" of type "Nothing". (Type check passed).
[32m2025-07-04 05:52:43 +0000[0m - dagster - [34mDEBUG[0m - __ASSET_JOB - 67504f1a-761b-4840-9ef5-78f97552ad61 - 36142 - dbtlearn_dbt_assets - ASSET_MATERIALIZATION - Materialized value dim_listings_cleansed.
[32m2025-07-04 05:52:43 +0000[0m - dagster - [34mDEBUG[0m - __ASSET_JOB - 67504f1a-761b-4840-9ef5-78f97552ad61 - 36142 - dbtlearn_dbt_assets - STEP_OUTPUT - Yielded output "dim_listings_cleansed_accepted_values_dim_listings_cleansed_room_type__Entire_home_apt__Private_room__Shared_room__Hotel_room" of type "Any". (Type check passed).
[32m2025-07-04 05:52:43 +0000[0m - dagster - [34mDEBUG[0m - __ASSET_JOB - 67504f1a-761b-4840-9ef5-78f97552ad61 - 36142 - dbtlearn_dbt_assets - ASSET_CHECK_EVALUATION - Asset check 'accepted_values_dim_listings_cleansed_room_type__Entire_home_apt__Private_room__Shared_room__Hotel_room' on 'dim_listings_cleansed' passed.
[32m2025-07-04 05:52:44 +0000[0m - dagster - [34mWARNING[0m - __ASSET_JOB - 67504f1a-761b-4840-9ef5-78f97552ad61 - dbtlearn_dbt_assets - Logging an `AssetObservation` instead of an `AssetCheckResult` for dbt test `consistent_created_at`.

`consistent_created_at` is a singular test with multiple dependencies. Configure an asset key in the test's dbt meta to load it as an asset check.

This test was not included in Dagster's asset check selection, and was likely executed due to dbt indirect selection.
[32m2025-07-04 05:52:44 +0000[0m - dagster - [34mDEBUG[0m - __ASSET_JOB - 67504f1a-761b-4840-9ef5-78f97552ad61 - 36142 - dbtlearn_dbt_assets - ASSET_OBSERVATION - DagsterEventType.ASSET_OBSERVATION for step dbtlearn_dbt_assets
[32m2025-07-04 05:52:44 +0000[0m - dagster - [34mDEBUG[0m - __ASSET_JOB - 67504f1a-761b-4840-9ef5-78f97552ad61 - 36142 - dbtlearn_dbt_assets - ASSET_OBSERVATION - DagsterEventType.ASSET_OBSERVATION for step dbtlearn_dbt_assets
[32m2025-07-04 05:52:44 +0000[0m - dagster - [34mDEBUG[0m - __ASSET_JOB - 67504f1a-761b-4840-9ef5-78f97552ad61 - 36142 - dbtlearn_dbt_assets - STEP_OUTPUT - Yielded output "dim_listings_cleansed_dim_listings_minimum_nights" of type "Any". (Type check passed).
[32m2025-07-04 05:52:44 +0000[0m - dagster - [34mDEBUG[0m - __ASSET_JOB - 67504f1a-761b-4840-9ef5-78f97552ad61 - 36142 - dbtlearn_dbt_assets - ASSET_CHECK_EVALUATION - Asset check 'dim_listings_minimum_nights' on 'dim_listings_cleansed' passed.
[32m2025-07-04 05:52:45 +0000[0m - dagster - [34mDEBUG[0m - __ASSET_JOB - 67504f1a-761b-4840-9ef5-78f97552ad61 - 36142 - dbtlearn_dbt_assets - STEP_OUTPUT - Yielded output "dim_listings_cleansed_no_nulls_in_dim_listings" of type "Any". (Type check passed).
[32m2025-07-04 05:52:45 +0000[0m - dagster - [34mDEBUG[0m - __ASSET_JOB - 67504f1a-761b-4840-9ef5-78f97552ad61 - 36142 - dbtlearn_dbt_assets - ASSET_CHECK_EVALUATION - Asset check 'no_nulls_in_dim_listings' on 'dim_listings_cleansed' passed.
[32m2025-07-04 05:52:45 +0000[0m - dagster - [34mDEBUG[0m - __ASSET_JOB - 67504f1a-761b-4840-9ef5-78f97552ad61 - 36142 - dbtlearn_dbt_assets - STEP_OUTPUT - Yielded output "dim_listings_cleansed_not_null_dim_listings_cleansed_host_id" of type "Any". (Type check passed).
[32m2025-07-04 05:52:45 +0000[0m - dagster - [34mDEBUG[0m - __ASSET_JOB - 67504f1a-761b-4840-9ef5-78f97552ad61 - 36142 - dbtlearn_dbt_assets - ASSET_CHECK_EVALUATION - Asset check 'not_null_dim_listings_cleansed_host_id' on 'dim_listings_cleansed' passed.
[32m2025-07-04 05:52:46 +0000[0m - dagster - [34mDEBUG[0m - __ASSET_JOB - 67504f1a-761b-4840-9ef5-78f97552ad61 - 36142 - dbtlearn_dbt_assets - STEP_OUTPUT - Yielded output "dim_listings_cleansed_not_null_dim_listings_cleansed_listing_id" of type "Any". (Type check passed).
[32m2025-07-04 05:52:46 +0000[0m - dagster - [34mDEBUG[0m - __ASSET_JOB - 67504f1a-761b-4840-9ef5-78f97552ad61 - 36142 - dbtlearn_dbt_assets - ASSET_CHECK_EVALUATION - Asset check 'not_null_dim_listings_cleansed_listing_id' on 'dim_listings_cleansed' passed.
[32m2025-07-04 05:52:46 +0000[0m - dagster - [34mDEBUG[0m - __ASSET_JOB - 67504f1a-761b-4840-9ef5-78f97552ad61 - 36142 - dbtlearn_dbt_assets - STEP_OUTPUT - Yielded output "dim_listings_cleansed_positive_value_dim_listings_cleansed_minimum_nights" of type "Any". (Type check passed).
[32m2025-07-04 05:52:46 +0000[0m - dagster - [34mDEBUG[0m - __ASSET_JOB - 67504f1a-761b-4840-9ef5-78f97552ad61 - 36142 - dbtlearn_dbt_assets - ASSET_CHECK_EVALUATION - Asset check 'positive_value_dim_listings_cleansed_minimum_nights' on 'dim_listings_cleansed' passed.
[32m2025-07-04 05:52:46 +0000[0m - dagster - [34mDEBUG[0m - __ASSET_JOB - 67504f1a-761b-4840-9ef5-78f97552ad61 - 36142 - dbtlearn_dbt_assets - STEP_OUTPUT - Yielded output "dim_listings_cleansed_relationships_dim_listings_cleansed_host_id__host_id__ref_dim_hosts_cleansed_" of type "Any". (Type check passed).
[32m2025-07-04 05:52:46 +0000[0m - dagster - [34mDEBUG[0m - __ASSET_JOB - 67504f1a-761b-4840-9ef5-78f97552ad61 - 36142 - dbtlearn_dbt_assets - ASSET_CHECK_EVALUATION - Asset check 'relationships_dim_listings_cleansed_host_id__host_id__ref_dim_hosts_cleansed_' on 'dim_listings_cleansed' passed.
[32m2025-07-04 05:52:47 +0000[0m - dagster - [34mWARNING[0m - __ASSET_JOB - 67504f1a-761b-4840-9ef5-78f97552ad61 - dbtlearn_dbt_assets - Logging an `AssetObservation` instead of an `AssetCheckResult` for dbt test `relationships_fct_reviews_listing_id__listing_id__ref_dim_listings_cleansed_`.

This test was not included in Dagster's asset check selection, and was likely executed due to dbt indirect selection.
[32m2025-07-04 05:52:47 +0000[0m - dagster - [34mDEBUG[0m - __ASSET_JOB - 67504f1a-761b-4840-9ef5-78f97552ad61 - 36142 - dbtlearn_dbt_assets - ASSET_OBSERVATION - DagsterEventType.ASSET_OBSERVATION for step dbtlearn_dbt_assets
[32m2025-07-04 05:52:47 +0000[0m - dagster - [34mDEBUG[0m - __ASSET_JOB - 67504f1a-761b-4840-9ef5-78f97552ad61 - 36142 - dbtlearn_dbt_assets - ASSET_OBSERVATION - DagsterEventType.ASSET_OBSERVATION for step dbtlearn_dbt_assets
[32m2025-07-04 05:52:47 +0000[0m - dagster - [34mDEBUG[0m - __ASSET_JOB - 67504f1a-761b-4840-9ef5-78f97552ad61 - 36142 - dbtlearn_dbt_assets - STEP_OUTPUT - Yielded output "dim_listings_cleansed_unique_dim_listings_cleansed_listing_id" of type "Any". (Type check passed).
[32m2025-07-04 05:52:47 +0000[0m - dagster - [34mDEBUG[0m - __ASSET_JOB - 67504f1a-761b-4840-9ef5-78f97552ad61 - 36142 - dbtlearn_dbt_assets - ASSET_CHECK_EVALUATION - Asset check 'unique_dim_listings_cleansed_listing_id' on 'dim_listings_cleansed' passed.
[32m2025-07-04 05:52:48 +0000[0m - dagster - [34mINFO[0m - __ASSET_JOB - 67504f1a-761b-4840-9ef5-78f97552ad61 - dbtlearn_dbt_assets - Finished dbt command: `dbt build --select dbtlearn.dim.dim_listings_cleansed`.
[32m2025-07-04 05:52:48 +0000[0m - dagster - [34mDEBUG[0m - __ASSET_JOB - 67504f1a-761b-4840-9ef5-78f97552ad61 - 36142 - dbtlearn_dbt_assets - STEP_SUCCESS - Finished execution of step "dbtlearn_dbt_assets" in 14.98s.
