[32m2025-07-04 05:52:43 +0000[0m - dagster - [34mDEBUG[0m - __ASSET_JOB - 0752a47f-00b1-4351-84bb-27554e6098bb - 36575 - LOGS_CAPTURED - Started capturing logs in process (pid: 36575).
[32m2025-07-04 05:52:43 +0000[0m - dagster - [34mDEBUG[0m - __ASSET_JOB - 0752a47f-00b1-4351-84bb-27554e6098bb - 36575 - dbtlearn_dbt_assets - STEP_START - Started execution of step "dbtlearn_dbt_assets".
[32m2025-07-04 05:52:44 +0000[0m - dagster - [34mINFO[0m - __ASSET_JOB - 0752a47f-00b1-4351-84bb-27554e6098bb - dbtlearn_dbt_assets - A dbt subsetted execution is being performed. Overriding default dbt selection arguments `['--select', 'fqn:*']` with arguments: `['dbtlearn.dim.dim_hosts_cleansed']`.
[32m2025-07-04 05:52:44 +0000[0m - dagster - [34mINFO[0m - __ASSET_JOB - 0752a47f-00b1-4351-84bb-27554e6098bb - dbtlearn_dbt_assets - Copying `/workspaces/dbt/dbtlearn/target/partial_parse.msgpack` to `/workspaces/dbt/dbtlearn/target/dbtlearn_dbt_assets-0752a47-21f1fce/partial_parse.msgpack` to take advantage of partial parsing.
[32m2025-07-04 05:52:44 +0000[0m - dagster - [34mINFO[0m - __ASSET_JOB - 0752a47f-00b1-4351-84bb-27554e6098bb - dbtlearn_dbt_assets - Running dbt command: `dbt build --select dbtlearn.dim.dim_hosts_cleansed`.
[32m2025-07-04 05:52:49 +0000[0m - dagster - [34mDEBUG[0m - __ASSET_JOB - 0752a47f-00b1-4351-84bb-27554e6098bb - 36575 - dbtlearn_dbt_assets - STEP_OUTPUT - Yielded output "dim_hosts_cleansed" of type "Nothing". (Type check passed).
[32m2025-07-04 05:52:49 +0000[0m - dagster - [34mDEBUG[0m - __ASSET_JOB - 0752a47f-00b1-4351-84bb-27554e6098bb - 36575 - dbtlearn_dbt_assets - ASSET_MATERIALIZATION - Materialized value dim_hosts_cleansed.
[32m2025-07-04 05:52:49 +0000[0m - dagster - [34mDEBUG[0m - __ASSET_JOB - 0752a47f-00b1-4351-84bb-27554e6098bb - 36575 - dbtlearn_dbt_assets - STEP_OUTPUT - Yielded output "dim_hosts_cleansed_accepted_values_dim_hosts_cleansed_is_superhost__t__f" of type "Any". (Type check passed).
[32m2025-07-04 05:52:49 +0000[0m - dagster - [34mDEBUG[0m - __ASSET_JOB - 0752a47f-00b1-4351-84bb-27554e6098bb - 36575 - dbtlearn_dbt_assets - ASSET_CHECK_EVALUATION - Asset check 'accepted_values_dim_hosts_cleansed_is_superhost__t__f' on 'dim_hosts_cleansed' passed.
[32m2025-07-04 05:52:50 +0000[0m - dagster - [34mDEBUG[0m - __ASSET_JOB - 0752a47f-00b1-4351-84bb-27554e6098bb - 36575 - dbtlearn_dbt_assets - STEP_OUTPUT - Yielded output "dim_hosts_cleansed_not_null_dim_hosts_cleansed_host_id" of type "Any". (Type check passed).
[32m2025-07-04 05:52:50 +0000[0m - dagster - [34mDEBUG[0m - __ASSET_JOB - 0752a47f-00b1-4351-84bb-27554e6098bb - 36575 - dbtlearn_dbt_assets - ASSET_CHECK_EVALUATION - Asset check 'not_null_dim_hosts_cleansed_host_id' on 'dim_hosts_cleansed' passed.
[32m2025-07-04 05:52:50 +0000[0m - dagster - [34mDEBUG[0m - __ASSET_JOB - 0752a47f-00b1-4351-84bb-27554e6098bb - 36575 - dbtlearn_dbt_assets - STEP_OUTPUT - Yielded output "dim_hosts_cleansed_not_null_dim_hosts_cleansed_host_name" of type "Any". (Type check passed).
[32m2025-07-04 05:52:50 +0000[0m - dagster - [34mDEBUG[0m - __ASSET_JOB - 0752a47f-00b1-4351-84bb-27554e6098bb - 36575 - dbtlearn_dbt_assets - ASSET_CHECK_EVALUATION - Asset check 'not_null_dim_hosts_cleansed_host_name' on 'dim_hosts_cleansed' passed.
[32m2025-07-04 05:52:50 +0000[0m - dagster - [34mWARNING[0m - __ASSET_JOB - 0752a47f-00b1-4351-84bb-27554e6098bb - dbtlearn_dbt_assets - Logging an `AssetObservation` instead of an `AssetCheckResult` for dbt test `relationships_dim_listings_cleansed_host_id__host_id__ref_dim_hosts_cleansed_`.

This test was not included in Dagster's asset check selection, and was likely executed due to dbt indirect selection.
[32m2025-07-04 05:52:50 +0000[0m - dagster - [34mDEBUG[0m - __ASSET_JOB - 0752a47f-00b1-4351-84bb-27554e6098bb - 36575 - dbtlearn_dbt_assets - ASSET_OBSERVATION - DagsterEventType.ASSET_OBSERVATION for step dbtlearn_dbt_assets
[32m2025-07-04 05:52:50 +0000[0m - dagster - [34mDEBUG[0m - __ASSET_JOB - 0752a47f-00b1-4351-84bb-27554e6098bb - 36575 - dbtlearn_dbt_assets - ASSET_OBSERVATION - DagsterEventType.ASSET_OBSERVATION for step dbtlearn_dbt_assets
[32m2025-07-04 05:52:51 +0000[0m - dagster - [34mDEBUG[0m - __ASSET_JOB - 0752a47f-00b1-4351-84bb-27554e6098bb - 36575 - dbtlearn_dbt_assets - STEP_OUTPUT - Yielded output "dim_hosts_cleansed_unique_dim_hosts_cleansed_host_id" of type "Any". (Type check passed).
[32m2025-07-04 05:52:51 +0000[0m - dagster - [34mDEBUG[0m - __ASSET_JOB - 0752a47f-00b1-4351-84bb-27554e6098bb - 36575 - dbtlearn_dbt_assets - ASSET_CHECK_EVALUATION - Asset check 'unique_dim_hosts_cleansed_host_id' on 'dim_hosts_cleansed' passed.
[32m2025-07-04 05:52:51 +0000[0m - dagster - [34mINFO[0m - __ASSET_JOB - 0752a47f-00b1-4351-84bb-27554e6098bb - dbtlearn_dbt_assets - Finished dbt command: `dbt build --select dbtlearn.dim.dim_hosts_cleansed`.
[32m2025-07-04 05:52:51 +0000[0m - dagster - [34mDEBUG[0m - __ASSET_JOB - 0752a47f-00b1-4351-84bb-27554e6098bb - 36575 - dbtlearn_dbt_assets - STEP_SUCCESS - Finished execution of step "dbtlearn_dbt_assets" in 7.95s.
